val L2V = fn : ['a .'a list -> 'a Vector.vector]
val S2V = fn : string -> char Vector.vector
val V2L = fn : ['a .'a Vector.vector -> 'a list]
val fromList_0i = [] : int list
val fromList_0r = [] : real list
val fromList_0ii = [] : (int * int) list
val fromList_1i = [1] : int list
val fromList_1r = [1.23] : real list
val fromList_1ii = [(1,2)] : (int * int) list
val fromList_2i = [1,2] : int list
val fromList_2r = [1.23,2.34] : real list
val fromList_2ii = [(1,2),(3,4)] : (int * int) list
val tabulateFun = fn : ['a .'a -> 'a]
val tabulate0 = [] : int list
val tabulate1 = [0] : int list
val tabulate2 = [0,1] : int list
val tabulatem1 = [999] : int list
val length1 = 0 : int
val length2 = 1 : int
val length3 = 2 : int
val sub00 = 1 : int
val sub0m1 = 1 : int
val sub01 = 1 : int
val sub10 = 1 : int
val sub11 = 1 : int
val sub1m1 = 1 : int
val sub20 = 1 : int
val sub21 = 2 : int
val sub22 = 3 : int
val testUpdate = fn : ['a .'a Vector.vector * int * 'a -> 'a list * 'a list]
val update00 = ([],[]) : int list * int list
val update0m1 = ([],[]) : int list * int list
val update01 = ([],[]) : int list * int list
val update10 = ([1],[9]) : int list * int list
val update11 = ([2],[2]) : int list * int list
val update1m1 = ([2],[2]) : int list * int list
val update20 = ([1,2],[9,2]) : int list * int list
val update21 = ([1,2],[1,9]) : int list * int list
val update22 = ([1,2],[1,2]) : int list * int list
val concat0 = [] : int list
val concat10 = [] : int list
val concat200 = [] : int list
val concat11 = [1] : int list
val concat201 = [1] : int list
val concat210 = [1] : int list
val concat211 = [1,2] : int list
val concat222 = [1,2,3,4] : int list
val concat3303 = [1,2,3,7,8,9] : int list
val concat3333 = [1,2,3,4,5,6,7,8,9] : int list
val mapiFun = fn : ['a .int * 'a -> 'a]
val mapi_0 = [] : char list
0val mapi_1 = [#"a"] : char list
01val mapi_2 = [#"a",#"b"] : char list
val mapFun = fn : int -> int
val map0 = [] : int list
1val map1 = [2] : int list
12val map2 = [2,3] : int list
123val map3 = [2,3,4] : int list
val appiFun = fn : int * char -> unit
val appi_0 = SOME () : unit option
0aval appi_1 = SOME () : unit option
0a1bval appi_2 = SOME () : unit option
val appFun = fn : string -> unit
val app0 = () : unit
aval app1 = () : unit
abval app2 = () : unit
abcval app3 = () : unit
val foldliFun = fn : ['a .int * 'a * 'a list -> 'a list]
val foldli_0 = [] : char list
0val foldli_1 = [#"a"] : char list
01val foldli_2 = [#"b",#"a"] : char list
val foldlFun = fn : ['a .'a * 'a list -> 'a list]
val foldl0 = [] : int list
val foldl1 = [1] : int list
val foldl2 = [2,1] : int list
val foldl3 = [3,2,1] : int list
val foldriFun = fn : ['a .int * 'a * 'a list -> 'a list]
val foldri_0 = [] : char list
0val foldri_1 = [#"a"] : char list
10val foldri_2 = [#"a",#"b"] : char list
val foldrFun = fn : ['a .'a * 'a list -> 'a list]
val foldr0 = [] : int list
val foldr1 = [1] : int list
val foldr2 = [1,2] : int list
val foldr3 = [1,2,3] : int list
val findiFun = fn : int * char -> bool
val findi_0 = NONE : (int * char) option
0val findi_1F = NONE : (int * char) option
0val findi_1T = SOME (0,#"x") : (int * char) option
01val findi_2F = NONE : (int * char) option
01val findi_2T1 = SOME (1,#"x") : (int * char) option
0val findi_2T2 = SOME (0,#"x") : (int * char) option
0val findi_2T3 = SOME (0,#"x") : (int * char) option
val findFun = fn : char -> bool
val find_0 = NONE : char option
aval find_1F = NONE : char option
xval find_1T = SOME #"x" : char option
abval find_2F = NONE : char option
axval find_2T1 = SOME #"x" : char option
xval find_2T2 = SOME #"x" : char option
xval find_2T3 = SOME #"x" : char option
val existsFun = fn : char -> bool
val exists_0 = false : bool
aval exists_1F = false : bool
xval exists_1T = true : bool
abval exists_2F = false : bool
axval exists_2T1 = true : bool
xval exists_2T2 = true : bool
xval exists_2T3 = true : bool
val allFun = fn : char -> bool
val all_0 = true : bool
aval all_1F = false : bool
xval all_1T = true : bool
aval all_2F1 = false : bool
aval all_2F2 = false : bool
xaval all_2F3 = false : bool
xxval all_2T = true : bool
val collateFun = fn : int * int -> General.order
val collate00 = EQUAL : order
val collate01 = LESS : order
val collate10 = GREATER : order
val collate11L = LESS : order
val collate11E = EQUAL : order
val collate11G = GREATER : order
val collate12L = LESS : order
val collate12G = GREATER : order
val collate21L = LESS : order
val collate21G = GREATER : order
val collate22L1 = LESS : order
val collate22L2 = LESS : order
val collate22E = EQUAL : order
val collate22G1 = GREATER : order
val collate22G2 = GREATER : order
