structure S1 : sig structure S : sig datatype dt con D : dt val x : dt end end
datatype dt1 = datatype S1.S.dt
type t1 = S1.S.dt
val x11 = D : S1.S.dt
val x12 = D : t1
structure S2 : sig structure S2 : sig val x : S1.t end end
val x2 = - : hidden(S2.S1.t)
structure S3
: sig
  structure S1 : sig datatype dt con E : dt end
  structure S2 : sig val x : S1.dt end
  end
datatype dt3 = datatype S3.S1.dt
type t3 = S3.S1.dt
val x3 = E : S3.S1.dt
