signature PSIG = sig datatype dt = D end
functor FTrans (S : PSIG) : sig datatype ds con D : ds end

