signature S0 = sig type t end
../tests/bugs/tests/issue108.1.sml:2.11-2.60 Error: Signature mismatch
                                                    (arity): t
