../tests/bugs/tests/issue142.1.sml:1.30-1.31 Error: unbound type constructor: t2

