val plus_int = 1 : int
val minus_int = ~1 : int
val zero_int = 0 : int
val plus_real = 1.1 : real
val minus_real = ~1.1 : real
val zero_real = 0.0 : real
val plus_word = 0wx1 : word
val zero_word = 0wx0 : word
val plus_word16 = 0wxf : word
val zero_word16 = 0wx0 : word
val char1 = #"a" : char
val char2 = #"\n" : char
val char3 = #"\r" : char
val char4 = #"\t" : char
val str1 = "" : string
val str2 = "a" : string
val str3 = "ab" : string
val str4 = "\n" : string
val str5 = "\r" : string
val str6 = "\t" : string
