val v1 = [] : ['a.'a list]
val v2 = [1] : int list
val v3 = [1,2] : int list
val v4 = [1,2,3] : int list

