val x1 = 1 : int
val v11 = 1 : int
val v12 = 3 : int
type t2 = int
val v21 = true : t2
val v22 = 1 : t2
datatype dt3
con C31 : int -> dt3
val v31 = 1 : int
val v32 = C31 3 : dt3
datatype dt41
con C4 : int -> dt41
val v41 = 1 : int
val v42 = C4 4 : dt41
exception E5 : int -> exn
../tests/coresml/tests/local001.sml:54.13-54.56 Warning:
  match nonexhaustive
           E5 (true ) => ...
           E5 (false ) => ...
val v51 = 1 : int
val v52 = E5 5 : exn
