exception E : exn
val v1 = true : bool
val v2 = true : bool

