val v1 = 1 : int
val v2 = fn : ['a .'a -> 'a]
val v3 = fn : ['a,'b.'a -> 'b -> 'a*'b]
val v4 = fn : ['a .'a -> ['b .'b -> 'a * 'b]]
